Turbo Assembler	 Version 3.2	    01/08/21 18:57:18	    Page 1
NF7.asm



      1				     locals  @@
      2
      3	      =	dword ptr	     pd	 equ dword ptr
      4	      =	word  ptr	     pw	 equ word  ptr
      5	      =	byte  ptr	     pb	 equ byte  ptr
      6
      7	      =-0002		     TO_@    =	-2
      8	      =-0004		     AT_@    =	-4
      9	      =0002		     VAL_@   =	2
     10
     11				     JMPS    MACRO LBL
     12				       jmp  SHORT LBL
     13				     ENDM
     14
     15				     SKIPW   MACRO
     16				       DB    0BFH
     17				     ENDM
     18
     19				     SKIPA   MACRO
     20				       DB    03DH
     21				     ENDM
     22
     23				     SKIPB   MACRO
     24				       DB    03CH
     25				     ENDM
     26
     27				     X	     MACRO
     28				       xchg sp,AX
     29				     ENDM
     30
     31				     TPUSH   MACRO REG
     32				       X
     33				       PUSH  REG
     34				       X
     35				     ENDM
     36
     37				     TPOP    MACRO REG
     38				       X
     39				       POP   REG
     40				       X
     41				     ENDM
     42
     43	      =0000		     PP	= 0
     44	      =0000		     QQ	= 0
     45
     46				     CMPGEN   MACRO NUM
     47				       QQ = PP / NUM
     48				       DB QQ+'0'
     49				       PP = PP - (QQ * NUM)
     50				     ENDM
     51
     52				     TOSTR   MACRO NUM
     53				       PP = NUM-Start+100h
     54				       CMPGEN 10000
     55				       CMPGEN 1000
     56				       CMPGEN 100
     57				       CMPGEN 10
Turbo Assembler	 Version 3.2	    01/08/21 18:57:18	    Page 2
NF7.asm



     58				       DB PP+'0'
     59				     ENDM
     60
     61
     62	      =0000		     qqqqq = 0
     63	      =0000		     ppppp = qqqqq
     64
     65				     __nam    macro   msg
     66				       local endstr
     67				       db    endstr-$-1
     68				       db    msg
     69				     endstr  label   byte
     70				     endm
     71
     72				     __ln     macro   token
     73				     ppppp = $
     74				       __nam  token
     75				       dw    qqqqq
     76				     qqqqq = ppppp
     77				     endm
     78
     79				     __ALIGN  MACRO  FLAG
     80				       IF ($-START+FLAG) AND 1
     81					 NOP
     82				       ENDIF
     83				     ENDM
     84
     85				     __XALIGN MACRO  HLBL
     86				     HLBL    =	    $
     87				     ENDM
     88
     89				     __col    macro  lbl
     90				       __XALIGN	LBL
     91				       DW  @NEST1
     92				     endm
     93
     94				     __VAR    macro   LBL,DAT
     95				       __XALIGN	LBL
     96				       DW @_VAR,DAT
     97				     ENDM
     98
     99				     __XT     macro   LBL,ADR
    100				       __XALIGN	LBL
    101				       DW ADR
    102				     ENDM
    103
    104				     __const  macro   lbl,dat
    105				       __XALIGN	LBL
    106				       DW @_cons,DAT
    107				     endm
    108
    109				     __value  macro   lbl,dat
    110				       DW @_setvar
    111				       __const LBL,dat
    112				     endm
    113
    114				     __DEFERO macro   lbl,dat
Turbo Assembler	 Version 3.2	    01/08/21 18:57:18	    Page 3
NF7.asm



    115				       __XALIGN	LBL
    116				       DW     @_deferO,dat
    117				     endm
    118
    119				     __DEFER  macro   lbl,dat
    120				       __XALIGN	LBL
    121				       DW     @_defer,dat
    122				     endm
    123
    124				     __vector macro   lbl,dat
    125				       DW @_setvar
    126				       __DEFER LBL,dat
    127				     endm
    128
    129				     __point  macro   lbl,dat
    130				       DW @_setpnt
    131				       __XALIGN	LBL
    132				       DW @_point,dat
    133				     endm
    134
    135				     __entry  macro ADR,nam
    136				       DW ADR
    137				       DB 0
    138				       __nam nam
    139				     endm
    140
    141				     ; REGISTERS
    142				     ; SI INSTRUCTION POINTER
    143				     ; SP RETURN STACK POINTER
    144				     ; AX DATA STACK POINTER
    145				     ; CX DATA STACK TOP REGISTER
    146				     ; DI WORK REGISTER
    147
    148				     ; DX ADRESS REGISTER  ?
    149				     ; DX BX BP	  - NOT	USED
    150				     ;
    151				     ; MINIMAL SET INTERPRETTER	COMMANDS
    152				     ; METHOD	    COMMANDS  (DOES (VAR (CONST	(CONST2	(DEFER (DEFER2
    153				     ;			      (SETVAR (SETVAR2 (CONST3 (SETPOINT (POINT
    154				     ;			      (BARY (WARY (RW_BLK
    155				     ; CONTROL	    COMMANDS  (IF (JUMP	(CALL (NEXT (FOR (NEST (EXEC (PERF
    156				     ;			      (GOTO (RETURN (EX	(XNEST (IFZ (IFM
    157				     ; RETURN STACK COMMANDS  POP PUSH RDROP I J
    158				     ; DATA STACK   COMMANDS  DUP DROP XCHG
    159				     ; MATH	    COMMANDS  +2/ LIT  ABS NEG NOT _ 1-	2- 1+ 2+
    160				     ; LOGICAL	    COMMANDS  XOR AND
    161				     ; DATA TRANSF  COMMANDS  @R+ !R+ C!R+
    162				     ; IO	    COMMANDS  (IO
    163
    164	0000			     MyCseg  segment para  use16
    165
    166					     assume cs:	MyCseg,	 ds: MyCseg, ss: MyCseg, es: MyCseg
    167
    168					     org 100h
    169
    170	      =-0100		     @TBUF   = -256	     ; 256
    171	      =-0200		     @TIB    = @TBUF * 2     ; 256
Turbo Assembler	 Version 3.2	    01/08/21 18:57:18	    Page 4
NF7.asm



    172	      =-0400		     @R_TOP  = @TIB * 2	     ; 512  RSTACK
    173	      =-0800		     @S_TOP  = @R_TOP *	2    ; 1024 DSTACK
    174	      =-1000		     @VOCTOP = @S_TOP *	2    ; 2048 = 4	BUFFERS	* 512
    175
    176	0100			     Start   Label byte
    177	0100  BB 1000		       mov   bx,1000h	  ; only 64k allocate
    178	0103  B4 4A		       mov   ah,4ah
    179	0105  CD 21		       int   21h
    180	0107			     @ABORT:
    181	0107  FC		       CLD
    182	0108  BC FC00		       MOV   SP,@R_TOP
    183	010B  B8 F800		       MOV   AX,@S_TOP
    184	010E  E8 03DF		       CALL  @DEBUG
    185	0111  E8 0096		       CALL  @RETURN
    186	0114  0294r 0294r 023Ar	  +    DW    _INIT,_INIT,_TBL,_COUNT
    187	      047Br
    188	011C  0298r 023Er 023Ar	  +  @MAINLP DW	_EVAL,_TIB,_TBL,_ACCEPT,_OK,_JUMP,@MAINLP
    189	      028Ar 0286r 03F5r	  +
    190	      011Cr
    191
    192				       __XT  _EX,@EX
1   193				       __XALIGN	_EX
2   194	      =MYCSEG:012A	     _EX    =	   $
1   195	012A  01A7r		       DW @EX
    196				       __XT  _NEXT,@NEXT
1   197				       __XALIGN	_NEXT
2   198	      =MYCSEG:012C	     _NEXT    =	     $
1   199	012C  012Er		       DW @NEXT
    200
    201	012E			     @NEXT:    ; (NEXT
    202	012E  5F		       POP   DI
    203	012F  4F		       DEC   DI
    204	0130  57		       PUSH  DI
    205	0131			     @NEXT0:
    206	0131  78 12		       JS    @SKIP
    207
    208	0133			     @JUMP:    ; (JUMP
    209	0133  8B 34		       MOV   SI,[SI]
    210				       JMPS  @MAIN
1   211	0135  EB 74		       jmp  SHORT @MAIN
    212
    213	0137  0367r		     _ZEX    DW	@_DROP
    214	0139  74 6F		       JE    @RETURN
    215				       JMPS   @MAIN
1   216	013B  EB 6E		       jmp  SHORT @MAIN
    217
    218	013D  0366r		     _FOR    DW	@_PUSH
    219				       JMPS  @JUMP
1   220	013F  EB F2		       jmp  SHORT @JUMP
    221
    222	0141  0367r		     _IF     DW	@_DROP
    223	0143  74 EE		       JE    @JUMP
    224
    225	0145			     @SKIP:
    226	0145  A7		       CMPSW
    227				       JMPS  @MAIN
1   228	0146  EB 63		       jmp  SHORT @MAIN
Turbo Assembler	 Version 3.2	    01/08/21 18:57:18	    Page 5
NF7.asm



    229
    230	0148  014Br		     _IFM DW @IFM
    231	014A			     @MIF:
    232	014A  41		       INC  CX
    233	014B			     @IFM:
    234	014B  49		       DEC  CX
    235				       JMPS @NEXT0
1   236	014C  EB E3		       jmp  SHORT @NEXT0
    237
    238	014E			     @_POINT:
    239	014E  8B 3D		       MOV   DI,[DI]
    240				       JMPS  @NEST
1   241	0150  EB 56		       jmp  SHORT @NEST
    242
    243	0152			     @_SETPNT:
    244	0152  89 75 02		       MOV   [DI+2],SI
    245				       JMPS  @RETURN
1   246	0155  EB 53		       jmp  SHORT @RETURN
    247
    248	0157			     @CALL:   ;	(CALL
    249	0157  97		       XCHG  DI,AX
    250	0158  AD		       LODSW
    251	0159  97		       XCHG  DI,AX
    252				       JMPS  @NEST
1   253	015A  EB 4C		       jmp  SHORT @NEST
    254
    255				     ; CONTROL	    COMMANDS
    256	015C			     @NEST1:
    257	015C			     _NOP:  SKIPB	     ; 13CH = NOP
1   258	015C  3C		       DB    03CH
    259	015D  01		       DB    1
    260				       JMPS  @NEST
1   261	015E  EB 48		       jmp  SHORT @NEST
    262
    263	0160  0367r		     _EXECUTE DW @_DROP
    264				       JMPS  @NEST
1   265	0162  EB 44		       jmp  SHORT @NEST
    266
    267	0164  0360r		     _LDB    DW	@_LD@	     ; C@
    268	0166  B5 00		       MOV   CH,0
    269				       SKIPA
1   270	0168  3D		       DB    03DH
    271	0169  0360r		     _LD     DW	@_LD@	     ; @
    272				       JMPS  @MAIN
1   273	016B  EB 3E		       jmp  SHORT @MAIN
    274
    275	016D			     @_DEFERO:
    276	016D  FF 06 027Ar	       INC   PW	[_CNTC@]
    277				       jmps  @_DEFER
1   278	0171  EB 06		       jmp  SHORT @_DEFER
    279
    280	0173  0367r		     _EXEC   DW	@_DROP
    281				       jmps  @EXEC
1   282	0175  EB 04		       jmp  SHORT @EXEC
    283
    284	0177  0367r		     _PERFORM	DW @_DROP
    285	0179			     @_DEFER:
Turbo Assembler	 Version 3.2	    01/08/21 18:57:18	    Page 6
NF7.asm



    286	0179  8B 3D		       MOV   DI,[DI]
    287	017B			     @EXEC:
    288	017B  0B FF		       OR    DI,DI
    289	017D  74 2C		       JZ    @MAIN
    290	017F  AF		       SCASW
    291	0180  FF 65 FE		       JMP   [DI-2]
    292
    293
    294				     ; LOGICAL	    COMMANDS  XOR AND
    295	0183  0367r		     _SUB    DW	@_DROP
    296	0185  2B CF		       SUB   CX,DI
    297				       JMPS  @MAIN
1   298	0187  EB 22		       jmp  SHORT @MAIN
    299
    300	0189			     @_WARY:
    301	0189  D1 E1		       SHL   CX,1
    302	018B			     @_BARY:
    303				       SKIPA
1   304	018B  3D		       DB    03DH
    305	018C  0367r		     _ADD    DW	@_DROP
    306	018E  03 CF		       ADD   CX,DI
    307				       JMPS  @MAIN
1   308	0190  EB 19		       jmp  SHORT @MAIN
    309
    310	0192  0367r		     _AND    DW	@_DROP
    311	0194  23 CF		       AND   CX,DI
    312				       JMPS  @MAIN
1   313	0196  EB 13		       jmp  SHORT @MAIN
    314
    315				     ;------------------------------------
    316	0198			     @RDROP2:
    317	0198  5F		       POP   DI
    318	0199			     @RDROP:
    319	0199  5F		       POP   DI
    320				       JMPS  @MAIN
1   321	019A  EB 0F		       jmp  SHORT @MAIN
    322
    323	019C			     @2P:
    324	019C  41		       INC   CX
    325	019D			     @1P:
    326	019D  41		       INC   CX
    327				       JMPS @MAIN
1   328	019E  EB 0B		       jmp  SHORT @MAIN
    329
    330				     ; MAIN  LOOP
    331	01A0			     @DOES3:
    332	01A0  AF		       SCASW
    333	01A1			     @DOES2:
    334	01A1  AF		       SCASW
    335	01A2			     @DOES:
    336				       TPUSH CX
1   337				       X
2   338	01A2  94		       xchg sp,AX
1   339	01A3  51		       PUSH  CX
1   340				       X
2   341	01A4  94		       xchg sp,AX
    342	01A5  8B CF		       MOV   CX,DI
Turbo Assembler	 Version 3.2	    01/08/21 18:57:18	    Page 7
NF7.asm



    343	01A7			     @EX:
    344	01A7  5F		       POP   DI
    345	01A8			     @NEST:
    346	01A8  56		       PUSH  SI
    347	01A9			     @LBL:
    348	01A9  57		       PUSH  DI
    349	01AA			     @RETURN: ;	(;
    350	01AA  5E		       POP   SI
    351	01AB			     @MAIN:
    352	01AB  8B 3C		       MOV   DI,[SI]
    353	01AD  A7		       CMPSW
    354	01AE  FF 65 FE		       JMP   [DI-2]
    355
    356				     ; DATA STACK   COMMANDS  DUP DROP
    357
    358				       __XT  _DUP,@_DUP
1   359				       __XALIGN	_DUP
2   360	      =MYCSEG:01B1	     _DUP    =	    $
1   361	01B1  0357r		       DW @_DUP
    362				       JMPS   @MAIN
1   363	01B3  EB F6		       jmp  SHORT @MAIN
    364
    365				       __XT  _J,@_DUP	      ;	J
1   366				       __XALIGN	_J
2   367	      =MYCSEG:01B5	     _J	   =	  $
1   368	01B5  0357r		       DW @_DUP
    369	01B7  5F 59		       POP   DI	CX
    370	01B9  51 57		       PUSH  CX	DI
    371				       JMPS   @MAIN
1   372	01BB  EB EE		       jmp  SHORT @MAIN
    373
    374				       __XT  _ZEQ,@ZEQ
1   375				       __XALIGN	_ZEQ
2   376	      =MYCSEG:01BD	     _ZEQ    =	    $
1   377	01BD  01BFr		       DW @ZEQ
    378	01BF			     @ZEQ:
    379	01BF  83 E9 01		       SUB   CX,1
    380	01C2  1B C9		       SBB   CX,CX
    381	01C4			     @1:
    382				       JMPS   @MAIN
1   383	01C4  EB E5		       jmp  SHORT @MAIN
    384
    385	01C6			     @_CONS3:
    386	01C6  AF		       SCASW
    387	01C7			     @_CONS2:
    388	01C7  AF		       SCASW
    389	01C8			     @_CONS:
    390	01C8  8B 3D		       MOV   DI,[DI]
    391	01CA			     @_VAR:
    392				       TPUSH CX
1   393				       X
2   394	01CA  94		       xchg sp,AX
1   395	01CB  51		       PUSH  CX
1   396				       X
2   397	01CC  94		       xchg sp,AX
    398	01CD			     @ADR:
    399	01CD  8B CF		       MOV   CX,DI
Turbo Assembler	 Version 3.2	    01/08/21 18:57:18	    Page 8
NF7.asm



    400	01CF  EB DA		       JMP   @MAIN
    401
    402	01D1  0360r		     _strp   dw	@_ld@
    403	01D3  AF		       scasw
    404				       skipa
1   405	01D4  3D		       DB    03DH
    406	01D5  0367r		     _SWAP   DW	@_DROP	     ; SWAP
    407	01D7			     @swap:
    408	01D7  87 CF		       XCHG  CX,DI
    409				       JMPS  @_VAR
1   410	01D9  EB EF		       jmp  SHORT @_VAR
    411
    412	01DB			     @POP:
    413	01DB  5F		       POP   DI
    414				       JMPS  @_VAR
1   415	01DC  EB EC		       jmp  SHORT @_VAR
    416
    417	01DE  0360r		     _LDP    DW	@_LD@	     ; @+
    418	01E0			     @_VAR2:
    419	01E0  AF		       SCASW
    420				       JMPS  @_VAR
1   421	01E1  EB E7		       jmp  SHORT @_VAR
    422
    423	01E3  0367r		     _STM    DW	@_DROP
    424	01E5  4F		       DEC   DI
    425	01E6  88 2D		       MOV   [DI],CH
    426				       SKIPA
1   427	01E8  3D		       DB    03DH
    428
    429	01E9  0367r		     _STMB   DW	@_DROP
    430	01EB  4F		       DEC   DI
    431	01EC  88 0D		       MOV   [DI],CL
    432				       JMPS  @ADR
1   433	01EE  EB DD		       jmp  SHORT @ADR
    434
    435	01F0  0367r		     _STP    DW	@_DROP
    436	01F2  89 0D		       MOV   [DI],CX
    437	01F4			     @ADRP:
    438	01F4  AF		       SCASW
    439				       JMPS  @ADR
1   440	01F5  EB D6		       jmp  SHORT @ADR
    441
    442				     ; RETURN STACK COMMANDS  POP PUSH XCHG
    443	01F7  035Cr		     _@_STR  DW	@_RLD
    444	01F9  32 ED		       XOR   CH,CH
    445	01FB  41		       INC   CX
    446	01FC  03 CF		       ADD   CX,DI
    447				       SKIPB
1   448	01FE  3C		       DB    03CH
    449
    450	01FF			     @XCHG:
    451	01FF  5F		       POP   DI
    452	0200  87 CF		       XCHG  CX,DI
    453	0202			     @PUSH:
    454	0202  57		       push  di
    455				       JMPS  @1
1   456	0203  EB BF		       jmp  SHORT @1
Turbo Assembler	 Version 3.2	    01/08/21 18:57:18	    Page 9
NF7.asm



    457
    458	0205  035Cr		      _RLD    DW @_RLD
    459	0207  AF		       SCASW
    460				       JMPS  @PUSH
1   461	0208  EB F8		       jmp  SHORT @PUSH
    462
    463	020A  0366r		     _PUSH   DW	@_PUSH
    464				       JMPS  @1
1   465	020C  EB B6		       jmp  SHORT @1
    466
    467	020E			     @_PARAMz:	     ; UNIVERSAL ENTRY
    468				       x
1   469	020E  94		       xchg sp,AX
    470	020F  51		       push  cx
    471				       x
1   472	0210  94		       xchg sp,AX
    473	0211			     @_PARAM:	     ; UNIVERSAL ENTRY
    474	0211  56 53 52		       PUSH  SI	BX DX
    475				       x
1   476	0214  94		       xchg sp,AX
    477	0215  5B 5E		       pop   bx	si
    478				       x
1   479	0217  94		       xchg sp,AX
    480	0218  FF D7		       CALL  DI
    481	021A			     @ret_self:
    482	021A  5A 5B		       POP   DX	BX
    483	021C			     @RET_DR:
    484	021C  5E		       POP   SI
    485	021D			     @DROP:
    486				       TPOP  CX
1   487				       X
2   488	021D  94		       xchg sp,AX
1   489	021E  59		       POP   CX
1   490				       X
2   491	021F  94		       xchg sp,AX
    492				       JMPS  @MAIN
1   493	0220  EB 89		       jmp  SHORT @MAIN
    494
    495	0222  0224r		     _@EMIT: DW	$+2 ; dos function number EMIT
    496	0224  B5 0E		       MOV   CH,0EH
    497	0226  91		       XCHG  CX,AX
    498	0227  CD 10		       INT   010H
    499	0229  91		       XCHG  CX,AX
    500				       JMPS  @DROP
1   501	022A  EB F1		       jmp  SHORT @DROP
    502
    503	022C  0367r		     _ST     DW	@_DROP
    504				       SKIPB
1   505	022E  3C		       DB    03CH
    506
    507	022F			     @_SETVAR:
    508	022F  AF		       SCASW
    509	0230  89 0D		       MOV   [DI],CX
    510				       JMPS  @DROP
1   511	0232  EB E9		       jmp  SHORT @DROP
    512
    513	0234  0367r		     _STB    DW	@_DROP
Turbo Assembler	 Version 3.2	    01/08/21 18:57:18	    Page 10
NF7.asm



    514	0236  88 0D		       MOV   [DI],CL
    515				       JMPS  @DROP
1   516	0238  EB E3		       jmp  SHORT @DROP
    517
    518				       __CONST	_TBL,80H
1   519				       __XALIGN	_TBL
2   520	      =MYCSEG:023A	     _TBL    =	    $
1   521	023A  01C8r 0080	       DW @_cons,80H
    522				       __CONST	_TIB,-512
1   523				       __XALIGN	_TIB
2   524	      =MYCSEG:023E	     _TIB    =	    $
1   525	023E  01C8r FE00	       DW @_cons,-512
    526				       __CONST	_TBUF,-256
1   527				       __XALIGN	_TBUF
2   528	      =MYCSEG:0242	     _TBUF    =	     $
1   529	0242  01C8r FF00	       DW @_cons,-256
    530				       __CONST	_0,0
1   531				       __XALIGN	_0
2   532	      =MYCSEG:0246	     _0	   =	  $
1   533	0246  01C8r 0000	       DW @_cons,0
    534				       __CONST	_BL,32
1   535				       __XALIGN	_BL
2   536	      =MYCSEG:024A	     _BL    =	   $
1   537	024A  01C8r 0020	       DW @_cons,32
    538
    539				       __VALUE	_HERE,FREEMEM
1   540	024E  022Fr		       DW @_setvar
1   541				       __const _HERE,FREEMEM
2   542				       __XALIGN	_HERE
3   543	      =MYCSEG:0250	     _HERE    =	     $
2   544	0250  01C8r 051Fr	       DW @_cons,FREEMEM
    545
    546				       __VALUE	_ETIB,0
1   547	0254  022Fr		       DW @_setvar
1   548				       __const _ETIB,0
2   549				       __XALIGN	_ETIB
3   550	      =MYCSEG:0256	     _ETIB    =	     $
2   551	0256  01C8r 0000	       DW @_cons,0
    552				       __VALUE	_LTIB,0
1   553	025A  022Fr		       DW @_setvar
1   554				       __const _LTIB,0
2   555				       __XALIGN	_LTIB
3   556	      =MYCSEG:025C	     _LTIB    =	     $
2   557	025C  01C8r 0000	       DW @_cons,0
    558				       __VALUE	_DICT,@VOCTOP
1   559	0260  022Fr		       DW @_setvar
1   560				       __const _DICT,@VOCTOP
2   561				       __XALIGN	_DICT
3   562	      =MYCSEG:0262	     _DICT    =	     $
2   563	0262  01C8r F000	       DW @_cons,@VOCTOP
    564	      =MYCSEG:0266	     _SETPNT = $
    565				       __POINT	_FIND,_LPAR+2
1   566	0266  0152r		       DW @_setpnt
1   567				       __XALIGN	_FIND
2   568	      =MYCSEG:0268	     _FIND    =	     $
1   569	0268  014Er 04A9r	       DW @_point,_LPAR+2
    570
Turbo Assembler	 Version 3.2	    01/08/21 18:57:18	    Page 11
NF7.asm



    571	026C  0189r		     _OPERATION	DW @_WARY
    572	026E  02E2r 0177r 02F0r	  +	     DW	_NUMBER,_PERFORM,_COMP_NUM,_@COMMA
    573	      047Dr
    574
    575				       __VALUE	_CNTC,0
1   576	0276  022Fr		       DW @_setvar
1   577				       __const _CNTC,0
2   578				       __XALIGN	_CNTC
3   579	      =MYCSEG:0278	     _CNTC    =	     $
2   580	0278  01C8r 0000	       DW @_cons,0
    581	      =MYCSEG:027A	     _CNTC@ = $-2
    582	027C  022Fr			     DW	@_setvar
    583				       __DEFERO	_EMIT,_@EMIT
1   584				       __XALIGN	_EMIT
2   585	      =MYCSEG:027E	     _EMIT    =	     $
1   586	027E  016Dr 0222r	       DW     @_deferO,_@EMIT
    587				       __DEFER	_SOURCE,_ETIB
1   588				       __XALIGN	_SOURCE
2   589	      =MYCSEG:0282	     _SOURCE	=      $
1   590	0282  0179r 0256r	       DW     @_defer,_ETIB
    591				       __DEFER	_OK,0
1   592				       __XALIGN	_OK
2   593	      =MYCSEG:0286	     _OK    =	   $
1   594	0286  0179r 0000	       DW     @_defer,0
    595				       __DEFER	_ACCEPT,_ACCZ
1   596				       __XALIGN	_ACCEPT
2   597	      =MYCSEG:028A	     _ACCEPT	=      $
1   598	028A  0179r 045Ar	       DW     @_defer,_ACCZ
    599
    600				       __DEFER	_ERROR,_BP
1   601				       __XALIGN	_ERROR
2   602	      =MYCSEG:028E	     _ERROR    =      $
1   603	028E  0179r 0519r	       DW     @_defer,_BP
    604
    605				       __POINT	_INIT,_@_INI
1   606	0292  0152r		       DW @_setpnt
1   607				       __XALIGN	_INIT
2   608	      =MYCSEG:0294	     _INIT    =	     $
1   609	0294  014Er 0505r	       DW @_point,_@_INI
    610	      =MYCSEG:0292	     _REINI  = TO_@+_INIT
    611
    612
    613				       __COL _EVAL
1   614				       __XALIGN	_EVAL
2   615	      =MYCSEG:0298	     _EVAL    =	     $
1   616	0298  015Cr		       DW  @NEST1
    617	029A  01B1r 025Ar 018Cr		   DW _DUP,TO_@+_LTIB,_ADD
    618	02A0  0254r			   DW TO_@+_ETIB
    619	02A2  0370r		     @EVAL DW _TOKEN
    620	02A4  0137r 0242r		   DW _ZEX,_TBUF
    621	02A8  0268r			   DW _FIND
    622	02AA  026Cr			   DW _OPERATION
    623	02AC  0519r			   DW _BP
    624	02AE  0177r			   DW _PERFORM
    625	02B0  03F5r 02A2r		   DW _JUMP,@EVAL
    626
    627				       __COL _LIT
Turbo Assembler	 Version 3.2	    01/08/21 18:57:18	    Page 12
NF7.asm



1   628				       __XALIGN	_LIT
2   629	      =MYCSEG:02B4	     _LIT    =	    $
1   630	02B4  015Cr		       DW  @NEST1
    631	02B6  0205r 03F7r		 DW _RLD,_EXIT
    632
    633	02BA			     @_commaer:
    634	02BA  E8 FEE5		       call @does
    635	02BD			     @commaer:
    636	02BD  01D1r 0481r 0177r	  +    dw _strp,_comma,_perfORM,_exit
    637	      03F7r
    638
    639	02C5			     @_MAKER:
    640	02C5  E8 FEDA		       call @does
    641	02C8  0250r 040Dr 03F5r	  +    dw _HERE,_ENTRY,_JUMP,@commaER
    642	      02BDr
    643
    644	02D0  02C5r 01A8r 04B1r	     _COLON  DW	@_MAKER,@NEST,_RPAR	     ; :
    645
    646	02D6  02BAr 01AAr 04A7r	     _SEMICO DW	@_COMMAER,@RETURN,_LPAR	     ; ;
    647
    648	02DC  02BAr 02B4r 0481r	     _clit   dw	@_commaer,_lit,_comma	     ; #,
    649
    650				       __COL _NUMBER
1   651				       __XALIGN	_NUMBER
2   652	      =MYCSEG:02E2	     _NUMBER	=      $
1   653	02E2  015Cr		       DW  @NEST1
    654	02E4  047Br 02FAr		     DW	_COUNT,_NUM
    655
    656				       __COL _??
1   657				       __XALIGN	_??
2   658	      =MYCSEG:02E8	     _??    =	   $
1   659	02E8  015Cr		       DW  @NEST1
    660	02EA  048Br			     DW	_ABORT?
    661				       __NAM  "?"
1   662	02EC  01		       db    ??0000-$-1
1   663	02ED  3F		       db    "?"
1   664	02EE			     ??0000  label   byte
    665	02EE  03F7r			     DW	_EXIT
    666
    667				       __COL _COMP_NUM
1   668				       __XALIGN	_COMP_NUM
2   669	      =MYCSEG:02F0	     _COMP_NUM	  =	 $
1   670	02F0  015Cr		       DW  @NEST1
    671	02F2  02E2r 02DCr 0481r	  +	     DW	_NUMBER,_cLIT,_COMMA,_EXIT
    672	      03F7r
    673
    674				       __XT  _num,@_PARAMZ	;= (>#	     ; (NUM
1   675				       __XALIGN	_num
2   676	      =MYCSEG:02FA	     _num    =	    $
1   677	02FA  020Er		       DW @_PARAMZ
    678	02FC  50		       push  ax
    679	02FD  B8 000A		       MOV   AX,10  ; base := 10
    680	0300  E8 0006		       CALL  @@NUM
    681	0303  58		       pop   AX
    682				       X
1   683	0304  94		       xchg sp,AX
    684	0305  53		       PUSH  BX
Turbo Assembler	 Version 3.2	    01/08/21 18:57:18	    Page 13
NF7.asm



    685	0306  51		       PUSH  CX
    686				       X
1   687	0307  94		       xchg sp,AX
    688	0308  C3		       RET
    689
    690	0309			     @@NUM:
    691	0309  E8 0016		       CALL  @@numini
    692	030C  E8 003B		       CALL  @@SGN
    693	030F			     @@NUMZ:
    694	030F  E8 0002		       CALL  @@N1
    695				       JMPS  @@NUMZ
1   696	0312  EB FB		       jmp  SHORT @@NUMZ
    697
    698	0314			     @@n1:
    699	0314  3C 24		       cmp   al,'$'	; BASE := 16
    700	0316  75 04		       JNE   @@N2
    701	0318  B0 10		       MOV   al,16
    702	031A  EB 08		       jmp   SHORT @@setbas
    703
    704	031C  3C 23		     @@N2:   cmp  al,'#'     ; BASE := CX
    705	031E  75 0B		       JNE   @@N3
    706	0320  8A C3		       mov   al,Bl
    707	0322			     @@numini:
    708	0322  33 DB		       Xor   Bx,Bx	; ACCUMULATOR
    709	0324			     @@setbas:
    710	0324  8B F8		       mov   DI,ax
    711	0326			     @@END?:
    712	0326  E3 1F		       JCXZ  @@ERNUM
    713	0328			     @@GETC:
    714	0328  49		       deC   CX
    715	0329  AC		       LODSB
    716	032A  C3		       RET
    717
    718	032B			     @@N3:
    719	032B  3C 3A		       cmp   al,'9'+1
    720	032D  72 08		       jc    @@ton2
    721	032F  24 DF		       AND   AL,0DFH
    722	0331  3C 41		       cmp   al,'A'	 ; no case sensivity
    723	0333  72 12		       jc    @@ERNUM
    724	0335  2C 07		       sub   al,7
    725	0337			     @@ton2:
    726	0337  2C 30		       sub   al,'0'
    727	0339  3B C7		       cmp   ax,DI
    728	033B  73 0A		       jnc   @@ERNUM
    729	033D  93		       xchg  ax,Bx
    730	033E  F7 E7		       mul   DI
    731	0340  93		       xchg  ax,Bx
    732	0341  03 D8		       add   Bx,ax
    733	0343  E3 03		       JCXZ  @@EXNUM
    734	0345  EB E1		       JMP   @@GETC
    735	0347			     @@ERNUM:
    736	0347  41		       INC   CX
    737	0348			     @@EXNUM:
    738	0348  5A		       pop   dx	   ; rdrop
    739	0349			     @@noEXn:
    740	0349  C3		       RET
    741
Turbo Assembler	 Version 3.2	    01/08/21 18:57:18	    Page 14
NF7.asm



    742	034A			     @@SGN:
    743	034A  3C 2D		       CMP   AL,'-'	; SGN
    744	034C  75 C6		       JNE   @@N1
    745	034E  5A		       POP   dX
    746	034F  E8 FFD4		       CALL  @@END?
    747	0352  FF D2		       CALL  dX
    748	0354  F7 DB		       NEG   bX
    749	0356  C3		       RET
    750
    751	0357			     @_DUP:
    752				       TPUSH CX
1   753				       X
2   754	0357  94		       xchg sp,AX
1   755	0358  51		       PUSH  CX
1   756				       X
2   757	0359  94		       xchg sp,AX
    758	035A  FF E7		       JMP   DI
    759
    760	035C			     @_RLD:
    761				       TPUSH CX
1   762				       X
2   763	035C  94		       xchg sp,AX
1   764	035D  51		       PUSH  CX
1   765				       X
2   766	035E  94		       xchg sp,AX
    767	035F  59		       POP   CX
    768	0360			     @_LD@:
    769	0360  57		       PUSH  DI
    770	0361  8B F9		       MOV   DI,CX
    771	0363  8B 0D		       MOV   CX,[DI]
    772	0365  C3		       RET
    773
    774	0366			     @_PUSH:
    775	0366  51		       PUSH  CX
    776	0367			     @_DROP:
    777	0367  57		       PUSH  DI
    778	0368			     @DRET:
    779	0368  8B F9		       MOV   DI,CX
    780				       TPOP  CX
1   781				       X
2   782	036A  94		       xchg sp,AX
1   783	036B  59		       POP   CX
1   784				       X
2   785	036C  94		       xchg sp,AX
    786	036D  0B FF		       OR    DI,DI
    787	036F  C3		       RET
    788
    789				       __COL _TOKEN
1   790				       __XALIGN	_TOKEN
2   791	      =MYCSEG:0370	     _TOKEN    =      $
1   792	0370  015Cr		       DW  @NEST1
    793	0372  024Ar			     DW	_BL
    794				       __COL _PARSE
1   795				       __XALIGN	_PARSE
2   796	      =MYCSEG:0374	     _PARSE    =      $
1   797	0374  015Cr		       DW  @NEST1
    798	0376  0282r 025Cr 0386r	  +	     DW	_SOURCE,_LTIB,_PARS,TO_@+_LTIB,_TBUF,_MAKESTR,_LDB,_EXIT
Turbo Assembler	 Version 3.2	    01/08/21 18:57:18	    Page 15
NF7.asm



    799	      025Ar 0242r 04F1r	  +
    800	      0164r 03F7r
    801
    802				     ;	CHAR etib ltib	/  START LEN >IN
    803				     ;	SI   BX	  Cx
    804				       __XT  _PARS,@_PARAM	     ;=	(PARS
1   805				       __XALIGN	_PARS
2   806	      =MYCSEG:0386	     _PARS    =	     $
1   807	0386  0211r		       DW @_PARAM
    808	0388  8B FB		       MOV   DI,BX
    809	038A  2B F9		       SUB   DI,CX
    810	038C  96		       XCHG  AX,SI
    811
    812	038D  3C 20		       CMP   AL,' '
    813	038F  75 08		       JNE   @@SKIPX
    814	0391  E3 06		       JCXZ  @@SKIPX
    815	0393  F3> AE		       REPE  SCASB
    816	0395  74 02		       JE    @@SKIPX
    817	0397  4F		       DEC   DI
    818	0398  41		       INC   CX
    819	0399			     @@SKIPX:
    820	0399  8B D7		       MOV   DX,DI   ;	START OF THE SOURCE
    821	039B  E3 05		       JCXZ  @@WEX
    822
    823	039D  F2> AE		       REPNE SCASB
    824	039F  75 01		       JNE   @@WEX
    825	03A1  4F		       DEC   DI
    826
    827	03A2			     @@WEX:	     ; CX REST LEN OF BUF
    828	03A2  97		       XCHG  AX,DI   ; END OF THE SOURCE
    829	03A3  2B C2		       SUB   AX,DX
    830	03A5  96		       XCHG  AX,SI   ; SI LENGTH OF THE	SOURCE
    831				       X
1   832	03A6  94		       xchg sp,AX
    833	03A7  52		       PUSH  DX	     ; START OF	THE SOURCE
    834				       JMPS  @FND?2
1   835	03A8  EB 23		       jmp  SHORT @FND?2
    836
    837				       __XT  _FND,@_PARAMz     ; (FIND
1   838				       __XALIGN	_FND
2   839	      =MYCSEG:03AA	     _FND    =	    $
1   840	03AA  020Er		       DW @_PARAMz
    841	03AC			     @FND:
    842	03AC  E8 0005		       CALL  @FNDZ
    843	03AF  56		       PUSH  SI
    844	03B0  F3> A6		       repe  cmpsb
    845	03B2  5E		       POP   SI
    846	03B3  C3		       RET
    847	03B4			     @FNDZ:
    848	03B4  5A		       POP   DX
    849	03B5  33 C9		       XOR   cX,cX
    850	03B7  8B FB		       MOV   DI,BX
    851	03B9			     NEXTfnd:
    852	03B9  03 F9		       ADD   DI,CX
    853	03BB  8B DF		       MOV   BX,DI
    854	03BD  8D 7D 03		       LEA   dI,[DI+3]
    855	03C0  8A 0D		       mov   cl,[di]
Turbo Assembler	 Version 3.2	    01/08/21 18:57:18	    Page 16
NF7.asm



    856	03C2  E3 08		       Jcxz  @FND?
    857	03C4  41		       INC   CX
    858	03C5  FF D2		       CALL  DX
    859	03C7  75 F0		       jNZ   NEXTfnd
    860	03C9  8B F3		       mov   SI,BX
    861	03CB  41		       inc   cx	       ; fnd_ok
    862	03CC			     @FND?:
    863				       x
1   864	03CC  94		       xchg sp,AX
    865	03CD			     @FND?2:
    866	03CD  56		       PUSH  SI
    867	03CE  51		       PUSH  CX
    868				       X
1   869	03CF  94		       xchg sp,AX
    870	03D0  C3		       RET
    871
    872				       __XT  _P2DIV,@_PARAMz
1   873				       __XALIGN	_P2DIV
2   874	      =MYCSEG:03D1	     _P2DIV    =      $
1   875	03D1  020Er		       DW @_PARAMz
    876	03D3  03 F1		       ADD   SI,CX
    877	03D5  8B CE		       MOV   CX,SI
    878	03D7  D1 D9		       RCR   CX,1
    879				       JMPS  @FND?
1   880	03D9  EB F1		       jmp  SHORT @FND?
    881
    882				       __XT  _MFND,@_PARAMz	; (FIND
1   883				       __XALIGN	_MFND
2   884	      =MYCSEG:03DB	     _MFND    =	     $
1   885	03DB  020Er		       DW @_PARAMz
    886	03DD  FE 04		       INC   PB	[SI]
    887	03DF  56		       PUSH  SI
    888	03E0  E8 FFC9		       CALL  @FND
    889	03E3  5B		       POP   BX
    890	03E4  FE 0F		       DEC   PB	[BX]
    891	03E6  C3		       RET
    892
    893				       __XT  _WFND,@_PARAMz	; (FIND
1   894				       __XALIGN	_WFND
2   895	      =MYCSEG:03E7	     _WFND    =	     $
1   896	03E7  020Er		       DW @_PARAMz
    897	03E9  E8 FFC8		       CALL  @FNDZ
    898	03EC  3B 37		       CMP   SI,[BX]
    899	03EE  C3		       RET
    900
    901				       __XT  _1P,@1P
1   902				       __XALIGN	_1P
2   903	      =MYCSEG:03EF	     _1P    =	   $
1   904	03EF  019Dr		       DW @1P
    905				       __XT  _2P,@2P
1   906				       __XALIGN	_2P
2   907	      =MYCSEG:03F1	     _2P    =	   $
1   908	03F1  019Cr		       DW @2P
    909				       __XT  _2RDROP,@RDROP2
1   910				       __XALIGN	_2RDROP
2   911	      =MYCSEG:03F3	     _2RDROP	=      $
1   912	03F3  0198r		       DW @RDROP2
Turbo Assembler	 Version 3.2	    01/08/21 18:57:18	    Page 17
NF7.asm



    913				       __XT  _JUMP,@JUMP
1   914				       __XALIGN	_JUMP
2   915	      =MYCSEG:03F5	     _JUMP    =	     $
1   916	03F5  0133r		       DW @JUMP
    917				       __XT  _EXIT,@RETURN
1   918				       __XALIGN	_EXIT
2   919	      =MYCSEG:03F7	     _EXIT    =	     $
1   920	03F7  01AAr		       DW @RETURN
    921				       __XT  _ABORT,@ABORT
1   922				       __XALIGN	_ABORT
2   923	      =MYCSEG:03F9	     _ABORT    =      $
1   924	03F9  0107r		       DW @ABORT
    925
    926				       __COL _LOOPS
1   927				       __XALIGN	_LOOPS
2   928	      =MYCSEG:03FB	     _LOOPS    =      $
1   929	03FB  015Cr		       DW  @NEST1
    930	03FD  013Dr 0405r		     DW	_FOR,@@LPS
    931	0401  01B5r 0160r	     @@LPS0  DW	_J,_EXECUTE
    932	0405  012Cr 0401r	     @@LPS   DW	_NEXT,@@LPS0
    933	0409  03F3r 03F7r		     DW	_2RDROP,_EXIT
    934
    935				       __COL _ENTRY
1   936				       __XALIGN	_ENTRY
2   937	      =MYCSEG:040D	     _ENTRY    =      $
1   938	040D  015Cr		       DW  @NEST1
    939	040F  044Er 0246r 0262r	  +	     DW	_TOKEN?,_0,_DICT,_STRPUSH,_STMB,_STM,TO_@+_DICT,_EXIT
    940	      04D7r 01E9r 01E3r	  +
    941	      0260r 03F7r
    942
    943				       __COL _TYPES
1   944				       __XALIGN	_TYPES
2   945	      =MYCSEG:041F	     _TYPES    =      $
1   946	041F  015Cr		       DW  @NEST1
    947	0421  03FBr 047Br 027Er	  +	     DW	_LOOPS,_COUNT,_EMIT,_EXIT
    948	      03F7r
    949
    950
    951				       __COL	_SDOT
1   952				       __XALIGN	_SDOT
2   953	      =MYCSEG:0429	     _SDOT    =	     $
1   954	0429  015Cr		       DW  @NEST1
    955	042B  01F7r			     DW	_@_STR
    956				       __COL	_TDOT
1   957				       __XALIGN	_TDOT
2   958	      =MYCSEG:042D	     _TDOT    =	     $
1   959	042D  015Cr		       DW  @NEST1
    960	042F  047Br 041Fr		     DW	_COUNT,_TYPES
    961	0433  044Cr 03F7r	     @ABORTX DW	_DROP,_EXIT
    962
    963				       __COL _CR
1   964				       __XALIGN	_CR
2   965	      =MYCSEG:0437	     _CR    =	   $
1   966	0437  015Cr		       DW  @NEST1
    967	0439  0429r			     DW	_SDOT
    968	043B  02 0D 0A			     DB	2,13,10
    969	043E  03F7r			     DW	_EXIT
Turbo Assembler	 Version 3.2	    01/08/21 18:57:18	    Page 18
NF7.asm



    970
    971				       __COL	_ID
1   972				       __XALIGN	_ID
2   973	      =MYCSEG:0440	     _ID    =	   $
1   974	0440  015Cr		       DW  @NEST1
    975	0442  042Dr			     DW	_TDOT
    976				       __COL _SPC
1   977				       __XALIGN	_SPC
2   978	      =MYCSEG:0444	     _SPC    =	    $
1   979	0444  015Cr		       DW  @NEST1
    980	0446  024Ar 027Er 03F7r		     DW	_BL,_EMIT,_EXIT
    981
    982				       __XT  _DROP,@DROP
1   983				       __XALIGN	_DROP
2   984	      =MYCSEG:044C	     _DROP    =	     $
1   985	044C  021Dr		       DW @DROP
    986
    987				       __COL	_TOKEN?
1   988				       __XALIGN	_TOKEN?
2   989	      =MYCSEG:044E	     _TOKEN?	=      $
1   990	044E  015Cr		       DW  @NEST1
    991	0450  0370r 01BDr 02E8r	  +	     DW	_TOKEN,_ZEQ,_??,_TBUF,_EXIT
    992	      0242r 03F7r
    993
    994	045A  045Cr		     _ACCZ   DW	$+2
    995				       TPOP  DI
1   996				       X
2   997	045C  94		       xchg sp,AX
1   998	045D  5F		       POP   DI
1   999				       X
2  1000	045E  94		       xchg sp,AX
   1001	045F  32 ED		       XOR   CH,CH
   1002	0461  89 0D		       MOV   PW	[DI],CX
   1003	0463  B9 0A00		       MOV   CX,0A00H
   1004	0466  8B D7		       MOV   DX,DI
   1005	0468  91		       XCHG  CX,AX
   1006	0469  CD 21		       INT   21H
   1007	046B  91		       XCHG  CX,AX
   1008	046C  47		       INC   DI
   1009				       SKIPA
1  1010	046D  3D		       DB    03DH
   1011	046E			     @COUNT:
   1012	046E  8B F9		       MOV   DI,CX
   1013	0470  8A 0D		       MOV   CL,[DI]
   1014	0472  32 ED		       XOR   CH,CH
   1015	0474  47		       INC   DI
   1016				       TPUSH DI
1  1017				       X
2  1018	0475  94		       xchg sp,AX
1  1019	0476  57		       PUSH  DI
1  1020				       X
2  1021	0477  94		       xchg sp,AX
   1022	0478  E9 FD30		       JMP @MAIN
   1023
   1024	047B  046Er		     _COUNT  DW	@COUNT
   1025
   1026				       __COL _@COMMA
Turbo Assembler	 Version 3.2	    01/08/21 18:57:18	    Page 19
NF7.asm



1  1027				       __XALIGN	_@COMMA
2  1028	      =MYCSEG:047D	     _@COMMA	=      $
1  1029	047D  015Cr		       DW  @NEST1
   1030	047F  0169r			     DW	_LD
   1031				       __COL _COMMA
1  1032				       __XALIGN	_COMMA
2  1033	      =MYCSEG:0481	     _COMMA    =      $
1  1034	0481  015Cr		       DW  @NEST1
   1035	0483  0250r 01F0r 024Er	  +	     DW	_HERE,_STP,TO_@+_HERE,_EXIT
   1036	      03F7r
   1037
   1038				     ; __COL _MARKB
   1039				     ;	    DW	_HERE,_0,_COMMA,_EXIT
   1040
   1041				       __COL _ABORT?
1  1042				       __XALIGN	_ABORT?
2  1043	      =MYCSEG:048B	     _ABORT?	=      $
1  1044	048B  015Cr		       DW  @NEST1
   1045	048D  01F7r 01D5r 0141r	  +	     DW	_@_STR,_SWAP,_IF,@ABORTX,_ERROR,_ABORT
   1046	      0433r 028Er 03F9r
   1047
   1048				       __COL _CDICT
1  1049				       __XALIGN	_CDICT
2  1050	      =MYCSEG:0499	     _CDICT    =      $
1  1051	0499  015Cr		       DW  @NEST1
   1052	049B  0262r 03EFr 03F1r	  +	     DW	_DICT,_1P,_2P,_COUNT,_ADD,_EXIT
   1053	      047Br 018Cr 03F7r
   1054
   1055				       __col _LPAR
1  1056				       __XALIGN	_LPAR
2  1057	      =MYCSEG:04A7	     _LPAR    =	     $
1  1058	04A7  015Cr		       DW  @NEST1
   1059	04A9  0266r 0262r 03AAr	  +	     DW	_SETPNT,_DICT,_FND,_EXIT	    ; EXECUTE
   1060	      03F7r
   1061
   1062				       __col _RPAR
1  1063				       __XALIGN	_RPAR
2  1064	      =MYCSEG:04B1	     _RPAR    =	     $
1  1065	04B1  015Cr		       DW  @NEST1
   1066	04B3  0266r 0499r 03DBr	  +	     DW	_SETPNT,_CDICT,_MFND,_DUP,_ZEQ,_ZEX
   1067	      01B1r 01BDr 0137r
   1068	04BF  044Cr 0499r 03AAr	  +	     DW	_DROP,_CDICT,_FND,_2P,_EXIT  ; COMPILE
   1069	      03F1r 03F7r
   1070
   1071				      __COL _LOCATE
1  1072				       __XALIGN	_LOCATE
2  1073	      =MYCSEG:04C9	     _LOCATE	=      $
1  1074	04C9  015Cr		       DW  @NEST1
   1075	04CB  044Er 0262r 03AAr	  +	     DW	_TOKEN?,_DICT,_FND,_ZEQ,_??,_EXIT
   1076	      01BDr 02E8r 03F7r
   1077
   1078				       __XT  _STRPUSH,@_PARAMZ	     ; S!-
1  1079				       __XALIGN	_STRPUSH
2  1080	      =MYCSEG:04D7	     _STRPUSH	 =	$
1  1081	04D7  020Er		       DW @_PARAMZ
   1082	04D9  8A 0C		       mov   cl,[Si]
   1083	04DB  32 ED		       XOR   ch,ch
Turbo Assembler	 Version 3.2	    01/08/21 18:57:18	    Page 20
NF7.asm



   1084	04DD  41		       INC   CX
   1085				       SKIPA
1  1086	04DE  3D		       DB    03DH
   1087
   1088				       __XT  _MPUSH,@_PARAM
1  1089				       __XALIGN	_MPUSH
2  1090	      =MYCSEG:04DF	     _MPUSH    =      $
1  1091	04DF  0211r		       DW @_PARAM
   1092	04E1  87 CB		       XCHG  CX,BX
   1093	04E3			     @MPUSH:
   1094	04E3  8B FB		       MOV   DI,bX   ; TOP OF DICTIONARY
   1095	04E5  03 F1		       ADD   SI,CX   ; AFTER NAME ADDRESS
   1096	04E7  FD		       STD	     ; BACKWARDS
   1097	04E8  A6		       CMPSB	     ; PREPARE FOR DIRECTION
   1098	04E9  F3> A4		       REP   MOVSB   ; NAME  MOVE
   1099	04EB  FC		       CLD
   1100	04EC  47		       INC   DI
   1101				       TPUSH DI
1  1102				       X
2  1103	04ED  94		       xchg sp,AX
1  1104	04EE  57		       PUSH  DI
1  1105				       X
2  1106	04EF  94		       xchg sp,AX
   1107	04F0			     @DEBUG:
   1108	04F0  C3		       RET
   1109
   1110				       __XT  _MAKESTR,@_PARAM	     ; S!
1  1111				       __XALIGN	_MAKESTR
2  1112	      =MYCSEG:04F1	     _MAKESTR	 =	$
1  1113	04F1  0211r		       DW @_PARAM
   1114	04F3  87 D9		       XCHG  BX,CX
   1115	04F5  32 ED		       XOR   ch,ch
   1116				       TPUSH BX
1  1117				       X
2  1118	04F7  94		       xchg sp,AX
1  1119	04F8  53		       PUSH  BX
1  1120				       X
2  1121	04F9  94		       xchg sp,AX
   1122	04FA  88 0F		       MOV   [BX],CL
   1123	04FC  43		       INC   BX
   1124	04FD  8B FB		       MOV   DI,bX
   1125	04FF  F3> A4		       REP   MOVSB   ; NAME  MOVE
   1126	0501  C6 05 60		       MOV   PB	[DI],'`'
   1127	0504  C3		       RET
   1128
   1129	0505			     _@_INI:
   1130	0505  0250r			 DW  _HERE
   1131	0507  01D1r			 DW _STRP
   1132	0509  0262r			 DW _DICT
   1133	050B  04DFr			 DW  _MPUSH
   1134	050D  0260r			 DW  TO_@+_DICT
   1135	050F  0292r			 DW  _REINI
   1136	0511  04A7r 0246r		 DW  _LPAR,_0
   1137	0515  025Ar 03F7r		 DW  TO_@+_LTIB,_EXIT
   1138
   1139				     IF	1
   1140	0519  051Br		     _BP DW @NOP
Turbo Assembler	 Version 3.2	    01/08/21 18:57:18	    Page 21
NF7.asm



   1141	051B			     @NOP:
   1142	051B  CC			 INT 3
   1143	051C  E9 FC8C			 JMP @MAIN
   1144				     ENDIF
   1145
   1146				     ;-----------------------------------------------
   1147
   1148
   1149	051F			     freemem:
   1150	051F  000A		       DW ENDMEM-FREEMEM-2
   1151				       __ENTRY	_ENTRY,'=:'
1  1152	0521  040Dr		       DW _ENTRY
1  1153	0523  00		       DB 0
1  1154				       __nam '=:'
2  1155	0524  02		       db    ??0001-$-1
2  1156	0525  3D 3A		       db    '=:'
2  1157	0527			     ??0001  label   byte
   1158	0527  0000 0000		       DW 0,0
   1159	052B			     EndMem:
   1160
   1161				     ;	DW 0
   1162				     ;	TOSTR 12345
   1163	      =0000		     lastw = ppppp
   1164
   1165				     IF	0
   1166
   1167				     TOSTR _TBL
   1168				      DB " =: TBL "
   1169				     TOSTR _TIB
   1170				      DB " =: TIB "
   1171				     TOSTR _TBUF
   1172				      DB " =: TBUF "
   1173				     TOSTR _0
   1174				      DB " =: 0	"
   1175				     TOSTR _BL
   1176				      DB " =: BL "
   1177				     TOSTR _HERE
   1178				      DB " =: HERE "
   1179				     TOSTR _BP
   1180				      DB " =: BP "
   1181				     TOSTR _ETIB
   1182				      DB " =: ETIB "
   1183				     TOSTR _LTIB
   1184				      DB " =: LTIB "
   1185				     TOSTR _DICT
   1186				      DB " =: DICT "
   1187				     TOSTR _SETPNT
   1188				      DB " =: SETPNT "
   1189				     TOSTR _FIND
   1190				      DB " =: FIND "
   1191				     TOSTR _OPERATION
   1192				      DB " =: []OPER "
   1193				     TOSTR _CNTC
   1194				      DB " =: CNTC "
   1195				     TOSTR _EMIT
   1196				      DB " =: EMIT "
   1197				     TOSTR _SOURCE
Turbo Assembler	 Version 3.2	    01/08/21 18:57:18	    Page 22
NF7.asm



   1198				      DB " =: SOURCE "
   1199				     TOSTR _OK
   1200				      DB " =: (OK "
   1201				     TOSTR _ACCEPT
   1202				      DB " =: _ACCEPT "
   1203				     TOSTR _ERROR
   1204				      DB " =: ERROR "
   1205				     TOSTR _REINI
   1206				      DB " =: (REINI "
   1207				     TOSTR _INIT
   1208				      DB " =: (INIT "
   1209				     TOSTR _EVAL
   1210				      DB " =: EVL "
   1211				     TOSTR _LIT
   1212				      DB " =: (# "
   1213				     TOSTR _COLON
   1214				      DB " =: :	"
   1215				     TOSTR _SEMICO
   1216				      DB " =: ;` "
   1217				     TOSTR _CLIT
   1218				      DB " =: #, "
   1219				     TOSTR _NUMBER
   1220				      DB " =: NUMB "
   1221				     TOSTR _??
   1222				      DB " =: ?? "
   1223				     TOSTR _COMP_NUM
   1224				      DB " =: NUM, "
   1225				     TOSTR _NUM
   1226				      DB " =: >NUM "
   1227				     TOSTR _@EMIT
   1228				      DB " =: @EMIT "
   1229				     TOSTR _TOKEN
   1230				      DB " =: TOKEN "
   1231				     TOSTR _PARSE
   1232				      DB " =: PARSE "
   1233				     TOSTR _PARS
   1234				      DB " =: (PARS "
   1235				     TOSTR _FND
   1236				      DB " =: FND "
   1237				     TOSTR _P2DIV
   1238				      DB " =: +2/ "
   1239				     TOSTR _MFND
   1240				      DB " =: MFND "
   1241				     TOSTR _WFND
   1242				      DB " =: WFND "
   1243				     TOSTR _STRP
   1244				      DB " =: STR "
   1245				     TOSTR _SWAP
   1246				      DB " =: SWAP "
   1247				     TOSTR _LDP
   1248				      DB " =: @+ "
   1249				     TOSTR _STM
   1250				      DB " =: !- "
   1251				     TOSTR _STMB
   1252				      DB " =: C!- "
   1253				     TOSTR _STP
   1254				      DB " =: !+ "
Turbo Assembler	 Version 3.2	    01/08/21 18:57:18	    Page 23
NF7.asm



   1255				     TOSTR _@_STR
   1256				      DB " =: (STR "
   1257				     TOSTR _RLD
   1258				      DB " =: R@+ "
   1259				     TOSTR _PUSH
   1260				      DB " =: PUSH "
   1261				     TOSTR _DUP
   1262				      DB " =: DUP "
   1263				     TOSTR _J
   1264				      DB " =: J	"
   1265				     TOSTR _ZEQ
   1266				      DB " =: 0= "
   1267				     TOSTR _2P
   1268				      DB " =: 2+ "
   1269				     TOSTR _1P
   1270				      DB " =: 1+ "
   1271				     TOSTR _ST
   1272				      DB " =: !	"
   1273				     TOSTR _STB
   1274				      DB " =: C! "
   1275				     TOSTR _FOR
   1276				      DB " =: (FOR "
   1277				     TOSTR _IF
   1278				      DB " =: (IF "
   1279				     TOSTR _IFM
   1280				      DB " =: (IF- "
   1281				     TOSTR _ZEX
   1282				      DB " =: 0; "
   1283				     TOSTR _EXECUTE
   1284				      DB " =: EXECUTE "
   1285				     TOSTR _LDB
   1286				      DB " =: C@ "
   1287				     TOSTR _LD
   1288				      DB " =: @	"
   1289				     TOSTR _EXEC
   1290				      DB " =: EXEC "
   1291				     TOSTR _PERFORM
   1292				      DB " =: PERFORM "
   1293				     TOSTR _SUB
   1294				      DB " =: -	"
   1295				     TOSTR _ADD
   1296				      DB " =: +	"
   1297				     TOSTR _AND
   1298				      DB " =: AND "
   1299				     TOSTR _NEXT
   1300				      DB " =: (NEXT "
   1301				     TOSTR _2RDROP
   1302				      DB " =: 2RDROP "
   1303				     TOSTR _JUMP
   1304				      DB " =: (JUMP "
   1305				     TOSTR _EXIT
   1306				      DB " =: (; "
   1307				     TOSTR _ABORT
   1308				      DB " =: (ABORT "
   1309				     TOSTR _LOOPS
   1310				      DB " =: LOOPS "
   1311				     TOSTR _TYPES
Turbo Assembler	 Version 3.2	    01/08/21 18:57:18	    Page 24
NF7.asm



   1312				      DB " =: TYPE "
   1313				     TOSTR _TDOT
   1314				      DB " =: STR. "
   1315				     TOSTR _DROP
   1316				      DB " =: DROP "
   1317				     TOSTR _TOKEN?
   1318				      DB " =: TOKEN? "
   1319				     TOSTR _ACCZ
   1320				      DB " =: ACCZ "
   1321				     TOSTR _COUNT
   1322				      DB " =: CSTR "
   1323				     TOSTR _@COMMA
   1324				      DB " =: @, "
   1325				     TOSTR _COMMA
   1326				      DB " =: ,	"
   1327				     TOSTR _ABORT?
   1328				      DB " =: (ABRT. "
   1329				     TOSTR _CDICT
   1330				      DB " =: CDICT "
   1331				     TOSTR _LPAR
   1332				      DB " =: ,<` "
   1333				     TOSTR _RPAR
   1334				      DB " =: >, "
   1335				     TOSTR _LOCATE
   1336				      DB " =: (LOC "
   1337				     TOSTR _STRPUSH
   1338				      DB " =: >SMEM "
   1339				     TOSTR _MPUSH
   1340				      DB " =: >MEM "
   1341				     TOSTR _MAKESTR
   1342				      DB " =: S! "
   1343				     TOSTR _@_INI
   1344				      DB " =: @INI "
   1345
   1346				     EndDICT:
   1347
   1348				     DICTSIZE =	 EndDICT - EndMEM
   1349				     ENDIF
   1350
   1351	052B			     MyCseg  ends
   1352					     end  Start
Turbo Assembler	 Version 3.2	    01/08/21 18:57:18	    Page 25
Symbol Table




Symbol Name		Type   Value			   Cref	(defined at #)

??0000			Byte   MYCSEG:02EE		   662	#664
??0001			Byte   MYCSEG:0527		   1155	 #1157
??DATE			Text   "01/08/21"
??FILENAME		Text   "NF7	"
??TIME			Text   "18:57:18"
??VERSION		Number 0314
@1			Near   MYCSEG:01C4		   #381	 456  465
@1P			Near   MYCSEG:019D		   #325	 904
@2P			Near   MYCSEG:019C		   #323	 908
@@END?			Near   MYCSEG:0326		   #711	 746
@@ERNUM			Near   MYCSEG:0347		   712	723  728  #735
@@EXNUM			Near   MYCSEG:0348		   733	#737
@@GETC			Near   MYCSEG:0328		   #713	 734
@@LPS			Word   MYCSEG:0405		   930	#932
@@LPS0			Word   MYCSEG:0401		   #931	 932
@@N1			Near   MYCSEG:0314		   694	#698  744
@@N2			Near   MYCSEG:031C		   700	#704
@@N3			Near   MYCSEG:032B		   705	#718
@@NOEXN			Near   MYCSEG:0349		   #739
@@NUM			Near   MYCSEG:0309		   680	#690
@@NUMINI		Near   MYCSEG:0322		   691	#707
@@NUMZ			Near   MYCSEG:030F		   #693	 696
@@SETBAS		Near   MYCSEG:0324		   702	#709
@@SGN			Near   MYCSEG:034A		   692	#742
@@SKIPX			Near   MYCSEG:0399		   813	814  816  #819
@@TON2			Near   MYCSEG:0337		   720	#725
@@WEX			Near   MYCSEG:03A2		   821	824  #827
@ABORT			Near   MYCSEG:0107		   #180	 924
@ABORTX			Word   MYCSEG:0433		   #961	 1045
@ADR			Near   MYCSEG:01CD		   #398	 433  440
@ADRP			Near   MYCSEG:01F4		   #437
@CALL			Near   MYCSEG:0157		   #248
@COMMAER		Near   MYCSEG:02BD		   #635	 641
@COUNT			Near   MYCSEG:046E		   #1011  1024
@CPU			Text   0101H
@CURSEG			Text   MYCSEG			   #164
@DEBUG			Near   MYCSEG:04F0		   184	#1107
@DOES			Near   MYCSEG:01A2		   #335	 634  640
@DOES2			Near   MYCSEG:01A1		   #333
@DOES3			Near   MYCSEG:01A0		   #331
@DRET			Near   MYCSEG:0368		   #778
@DROP			Near   MYCSEG:021D		   #485	 501  511  516	985
@EVAL			Word   MYCSEG:02A2		   #619	 625
@EX			Near   MYCSEG:01A7		   195	#343
@EXEC			Near   MYCSEG:017B		   282	#287
@FILENAME		Text   NF7
@FND			Near   MYCSEG:03AC		   #841	 888
@FND?			Near   MYCSEG:03CC		   856	#862  880
@FND?2			Near   MYCSEG:03CD		   835	#865
@FNDZ			Near   MYCSEG:03B4		   842	#847  897
@IFM			Near   MYCSEG:014B		   230	#233
@JUMP			Near   MYCSEG:0133		   #208	 220  223  916
@LBL			Near   MYCSEG:01A9		   #347
@MAIN			Near   MYCSEG:01AB		   211	216  228  273  289  298	 308  313  321	328  #351  363	372  383  +
Turbo Assembler	 Version 3.2	    01/08/21 18:57:18	    Page 26
Symbol Table



							   400	493  1022  1143
@MAINLP			Word   MYCSEG:011C		   188	#188
@MIF			Near   MYCSEG:014A		   #231
@MPUSH			Near   MYCSEG:04E3		   #1093
@NEST			Near   MYCSEG:01A8		   241	253  261  265  #345  644
@NEST1			Near   MYCSEG:015C		   #256	 616  630  653	659  670  792  797  929	 938  946  954	959  966  +
							   974	979  990  1029	1034  1044  1051  1058	1065  1074
@NEXT			Near   MYCSEG:012E		   199	#201
@NEXT0			Near   MYCSEG:0131		   #205	 236
@NOP			Near   MYCSEG:051B		   1140	 #1141
@POP			Near   MYCSEG:01DB		   #412
@PUSH			Near   MYCSEG:0202		   #453	 461
@RDROP			Near   MYCSEG:0199		   #318
@RDROP2			Near   MYCSEG:0198		   #316	 912
@RETURN			Near   MYCSEG:01AA		   185	214  246  #349	646  920
@RET_DR			Near   MYCSEG:021C		   #483
@RET_SELF		Near   MYCSEG:021A		   #481
@R_TOP			Number -0400			   #172	 173  182
@SKIP			Near   MYCSEG:0145		   206	#225
@SWAP			Near   MYCSEG:01D7		   #407
@S_TOP			Number -0800			   #173	 174  183
@TBUF			Number -0100			   #170	 171
@TIB			Number -0200			   #171	 172
@VOCTOP			Number -1000			   #174	 563
@WORDSIZE		Text   2			   #164
@XCHG			Near   MYCSEG:01FF		   #450
@ZEQ			Near   MYCSEG:01BF		   377	#378
@_BARY			Near   MYCSEG:018B		   #302
@_COMMAER		Near   MYCSEG:02BA		   #633	 646  648
@_CONS			Near   MYCSEG:01C8		   #389	 521  525  529	533  537  544  551  557	 563  580
@_CONS2			Near   MYCSEG:01C7		   #387
@_CONS3			Near   MYCSEG:01C6		   #385
@_DEFER			Near   MYCSEG:0179		   278	#285  590  594	598  603
@_DEFERO		Near   MYCSEG:016D		   #275	 586
@_DROP			Near   MYCSEG:0367		   213	222  263  280  284  295	 305  310  406	423  429  435  503  513	  +
							   #776
@_DUP			Near   MYCSEG:0357		   361	368  #751
@_LD@			Near   MYCSEG:0360		   267	271  402  417  #768
@_MAKER			Near   MYCSEG:02C5		   #639	 644
@_PARAM			Near   MYCSEG:0211		   #473	 807  1091  1113
@_PARAMZ		Near   MYCSEG:020E		   #467	 677  840  875	885  896  1081
@_POINT			Near   MYCSEG:014E		   #238	 569  609
@_PUSH			Near   MYCSEG:0366		   218	463  #774
@_RLD			Near   MYCSEG:035C		   443	458  #760
@_SETPNT		Near   MYCSEG:0152		   #243	 566  606
@_SETVAR		Near   MYCSEG:022F		   #507	 540  547  553	559  576  582
@_VAR			Near   MYCSEG:01CA		   #391	 410  415  421
@_VAR2			Near   MYCSEG:01E0		   #418
@_WARY			Near   MYCSEG:0189		   #300	 571
AT_@			Number -0004			   #8
ENDMEM			Near   MYCSEG:052B		   1150	 #1159
FREEMEM			Near   MYCSEG:051F		   544	#1149  1150
LASTW			Number 0000			   #1163
NEXTFND			Near   MYCSEG:03B9		   #851	 859
PB			Text   byte  ptr		   #5  886  890	 1126
PD			Text   dword ptr		   #3
PP			Number 0000			   #43
Turbo Assembler	 Version 3.2	    01/08/21 18:57:18	    Page 27
Symbol Table



PPPPP			Number 0000			   #63	1163
PW			Text   word  ptr		   #4  276  1002
QQ			Number 0000			   #44
QQQQQ			Number 0000			   #62	63
START			Byte   MYCSEG:0100		   #176	 1352
TO_@			Number -0002			   #7  610  617	 618  798  939	1035  1134  1137
VAL_@			Number 0002			   #9
_0			Number MYCSEG:0246		   #532	 939  1136
_1P			Number MYCSEG:03EF		   #903	 1052
_2P			Number MYCSEG:03F1		   #907	 1052  1068
_2RDROP			Number MYCSEG:03F3		   #911	 933
_??			Number MYCSEG:02E8		   #658	 991  1075
_@COMMA			Number MYCSEG:047D		   572	#1028
_@EMIT			Near   MYCSEG:0222		   #495	 586
_@_INI			Near   MYCSEG:0505		   609	#1129
_@_STR			Word   MYCSEG:01F7		   #443	 955  1045
_ABORT			Number MYCSEG:03F9		   #923	 1045
_ABORT?			Number MYCSEG:048B		   660	#1043
_ACCEPT			Number MYCSEG:028A		   188	#597
_ACCZ			Word   MYCSEG:045A		   598	#994
_ADD			Word   MYCSEG:018C		   #305	 617  1052
_AND			Word   MYCSEG:0192		   #310
_BL			Number MYCSEG:024A		   #536	 793  980
_BP			Word   MYCSEG:0519		   603	623  #1140
_CDICT			Number MYCSEG:0499		   #1050  1066	1068
_CLIT			Word   MYCSEG:02DC		   #648	 671
_CNTC			Number MYCSEG:0278		   #579
_CNTC@			Number MYCSEG:027A		   276	#581
_COLON			Word   MYCSEG:02D0		   #644
_COMMA			Number MYCSEG:0481		   636	648  671  #1033
_COMP_NUM		Number MYCSEG:02F0		   572	#669
_COUNT			Word   MYCSEG:047B		   186	654  947  960  #1024  1052
_CR			Number MYCSEG:0437		   #965
_DICT			Number MYCSEG:0262		   #562	 939  939  1052	 1059  1075  1132  1134
_DROP			Number MYCSEG:044C		   961	#984  1068
_DUP			Number MYCSEG:01B1		   #360	 617  1066
_EMIT			Number MYCSEG:027E		   #585	 947  980
_ENTRY			Number MYCSEG:040D		   641	#937  1152
_ERROR			Number MYCSEG:028E		   #602	 1045
_ETIB			Number MYCSEG:0256		   #550	 590  618
_EVAL			Number MYCSEG:0298		   188	#615
_EX			Number MYCSEG:012A		   #194
_EXEC			Word   MYCSEG:0173		   #280
_EXECUTE		Word   MYCSEG:0160		   #263	 931
_EXIT			Number MYCSEG:03F7		   631	636  665  671  798  #919  933  939  947	 961  969  980	991  1035 +
							   1052	 1059  1068  1075  1137
_FIND			Number MYCSEG:0268		   #568	 621
_FND			Number MYCSEG:03AA		   #839	 1059  1068  1075
_FOR			Word   MYCSEG:013D		   #218	 930
_HERE			Number MYCSEG:0250		   #543	 641  1035  1035  1130
_ID			Number MYCSEG:0440		   #973
_IF			Word   MYCSEG:0141		   #222	 1045
_IFM			Word   MYCSEG:0148		   #230
_INIT			Number MYCSEG:0294		   186	186  #608  610
_J			Number MYCSEG:01B5		   #367	 931
_JUMP			Number MYCSEG:03F5		   188	625  641  #915
_LD			Word   MYCSEG:0169		   #271	 1030
Turbo Assembler	 Version 3.2	    01/08/21 18:57:18	    Page 28
Symbol Table



_LDB			Word   MYCSEG:0164		   #267	 798
_LDP			Word   MYCSEG:01DE		   #417
_LIT			Number MYCSEG:02B4		   #629	 648
_LOCATE			Number MYCSEG:04C9		   #1073
_LOOPS			Number MYCSEG:03FB		   #928	 947
_LPAR			Number MYCSEG:04A7		   569	646  #1057  1136
_LTIB			Number MYCSEG:025C		   #556	 617  798  798	1137
_MAKESTR		Number MYCSEG:04F1		   798	#1112
_MFND			Number MYCSEG:03DB		   #884	 1066
_MPUSH			Number MYCSEG:04DF		   #1090  1133
_NEXT			Number MYCSEG:012C		   #198	 932
_NOP			Near   MYCSEG:015C		   #257
_NUM			Number MYCSEG:02FA		   654	#676
_NUMBER			Number MYCSEG:02E2		   572	#652  671
_OK			Number MYCSEG:0286		   188	#593
_OPERATION		Word   MYCSEG:026C		   #571	 622
_P2DIV			Number MYCSEG:03D1		   #874
_PARS			Number MYCSEG:0386		   798	#806
_PARSE			Number MYCSEG:0374		   #796
_PERFORM		Word   MYCSEG:0177		   #284	 572  624  636
_PUSH			Word   MYCSEG:020A		   #463
_REINI			Number MYCSEG:0292		   #610	 1135
_RLD			Word   MYCSEG:0205		   #458	 631
_RPAR			Number MYCSEG:04B1		   644	#1064
_SDOT			Number MYCSEG:0429		   #953	 967
_SEMICO			Word   MYCSEG:02D6		   #646
_SETPNT			Number MYCSEG:0266		   #564	 1059  1066
_SOURCE			Number MYCSEG:0282		   #589	 798
_SPC			Number MYCSEG:0444		   #978
_ST			Word   MYCSEG:022C		   #503
_STB			Word   MYCSEG:0234		   #513
_STM			Word   MYCSEG:01E3		   #423	 939
_STMB			Word   MYCSEG:01E9		   #429	 939
_STP			Word   MYCSEG:01F0		   #435	 1035
_STRP			Word   MYCSEG:01D1		   #402	 636  1131
_STRPUSH		Number MYCSEG:04D7		   939	#1080
_SUB			Word   MYCSEG:0183		   #295
_SWAP			Word   MYCSEG:01D5		   #406	 1045
_TBL			Number MYCSEG:023A		   186	188  #520
_TBUF			Number MYCSEG:0242		   #528	 620  798  991
_TDOT			Number MYCSEG:042D		   #958	 975
_TIB			Number MYCSEG:023E		   188	#524
_TOKEN			Number MYCSEG:0370		   619	#791  991
_TOKEN?			Number MYCSEG:044E		   939	#989  1075
_TYPES			Number MYCSEG:041F		   #945	 960
_WFND			Number MYCSEG:03E7		   #895
_ZEQ			Number MYCSEG:01BD		   #376	 991  1066  1075
_ZEX			Word   MYCSEG:0137		   #213	 620  1066

Macro Name						   Cref	(defined at #)

CMPGEN							   #46
JMPS							   #11	210  215  219  227  235	 240  245  252	260  264  272  277  281	  +
							   297	307  312  320  327  362	 371  382  409	414  420  432  439  455	  +
							   460	464  492  500  510  515	 695  834  879
SKIPA							   #19	269  303  404  426  1009  1085
SKIPB							   #23	257  447  504
Turbo Assembler	 Version 3.2	    01/08/21 18:57:18	    Page 29
Symbol Table



SKIPW							   #15
TOSTR							   #52
TPOP							   #37	486  780  995
TPUSH							   #31	336  392  752  761  1016  1101	1116
X							   #27	337  340  393  396  468	 471  475  478	487  490  682  686  753	  +
							   756	762  765  781  784  831	 863  868  996	999  1017  1020	 1102	  +
							   1105	 1117  1120
__ALIGN							   #79
__COL							   #89	613  627  650  656  667	 789  794  926	935  943  951  956  963	  +
							   971	976  987  1026	1031  1041  1048  1055	1062  1071
__CONST							   #104	 518  522  526	530  534  541  548  554	 560  577
__DEFER							   #119	 587  591  595	600
__DEFERO						   #114	 583
__ENTRY							   #135	 1151
__LN							   #72
__NAM							   #65	661  1154
__POINT							   #129	 565  605
__VALUE							   #109	 539  546  552	558  575
__VAR							   #94
__VECTOR						   #124
__XALIGN						   #85	193  197  359  366  375	 519  523  527	531  535  542  549  555	  +
							   561	567  578  584  588  592	 596  601  607	614  628  651  657  668	  +
							   675	790  795  805  838  873	 883  894  902	906  910  914  918  922	  +
							   927	936  944  952  957  964	 972  977  983	988  1027  1032	 1042	  +
							   1049	 1056  1063  1072  1079	 1089  1111
__XT							   #99	192  196  358  365  374	 674  804  837	872  882  893  901  905	  +
							   909	913  917  921  982  1078  1088	1110

Groups & Segments	Bit Size Align	Combine	Class	   Cref	(defined at #)

MYCSEG			16  052B Para	none		   #164	 166  166  166	166
